[2026-06-10 18:33:07] code=200 action=post error=null id=recla1Ri2rWEIsUaJ
[2026-06-10 18:49:11] code=200 action=patch error=null id=recHtIaixuEw8bLUP
[2026-06-10 19:00:16] code=200 action=patch error=null id=recHtIaixuEw8bLUP
[2026-06-10 19:12:06] code=200 action=patch error=null id=recHtIaixuEw8bLUP
[2026-06-11 10:57:28] code=200 action=patch error=null id=reccmZtlGLyTZ970U
[2026-06-11 10:59:48] code=200 action=patch error=null id=reccmZtlGLyTZ970U
[2026-06-11 11:47:42] code=200 action=post error=null id=reczExQTuvmGHHHA0
[2026-06-11 13:27:37] code=200 action=patch error=null id=reccmZtlGLyTZ970U
[2026-06-11 13:29:05] code=200 action=patch error=null id=reccmZtlGLyTZ970U
[2026-06-11 14:17:11] code=200 action=patch error=null id=reccmZtlGLyTZ970U
[2026-06-11 15:20:26] code=200 action=patch error=null id=rec8TE9TkCMNr1xGC
[2026-06-11 17:12:53] code=200 action=patch error=null id=reccmZtlGLyTZ970U
[2026-06-11 17:53:18] code=200 action=patch error=null id=reccmZtlGLyTZ970U
[2026-06-11 22:15:48] code=200 action=post error=null id=recNkr2sYbhBLFK7I
[2026-06-12 09:17:45] code=200 action=patch error=null id=recNkr2sYbhBLFK7I
[2026-06-12 10:46:26] code=200 action=post error=null id=recNX1DJis08ulBdg
[2026-06-16 10:18:16] code=200 action=post error=null id=recs8jdxkNekq9SrZ
[2026-06-16 11:00:49] code=200 action=post error=null id=rec1dDNg5arrI3I0Y
[2026-06-16 12:04:35] code=200 action=patch error=null id=rec8TE9TkCMNr1xGC
[2026-06-17 12:51:25] code=200 action=post error=null id=rectE75UlzEbiM3Tf
[2026-06-17 14:26:27] code=200 action=patch error=null id=rectE75UlzEbiM3Tf
[2026-06-17 18:06:51] code=200 action=post error=null id=recgaaNMfXMKtZfz7
[2026-06-17 20:43:55] code=200 action=post error=null id=rec1NpM6dT2moQiCb
[2026-06-17 20:46:06] code=200 action=post error=null id=rec1kDOSnRa0TfhPh
[2026-06-18 11:24:49] code=200 action=patch error=null id=rec8TE9TkCMNr1xGC
[2026-06-18 13:12:12] code=200 action=post error=null id=recaD2tmEGpdQxajR
[2026-06-18 13:14:34] code=200 action=patch error=null id=recaD2tmEGpdQxajR
[2026-06-18 13:15:29] code=200 action=patch error=null id=recaD2tmEGpdQxajR
[2026-06-18 17:25:43] code=200 action=patch error=null id=rec8TE9TkCMNr1xGC
[2026-06-18 17:27:18] code=200 action=patch error=null id=rec8TE9TkCMNr1xGC
[2026-06-18 18:09:24] code=200 action=patch error=null id=rec8TE9TkCMNr1xGC
[2026-06-18 18:09:30] code=200 action=patch error=null id=rec8TE9TkCMNr1xGC
[2026-06-18 18:09:38] code=200 action=patch error=null id=rec8TE9TkCMNr1xGC
[2026-06-18 18:27:41] code=200 action=post error=null id=recWazBt0JBMvXb53
[2026-06-18 18:56:47] code=200 action=post error=null id=recTsTjazfObcr9dR
[2026-06-18 19:08:20] code=200 action=post error=null id=recHrjSXPlJrfoEBh
[2026-06-18 19:15:23] code=200 action=post error=null id=rec6sDyItvPDfbGkm
[2026-06-18 19:17:05] code=200 action=post error=null id=reccNVTo83DuwfKNT
[2026-06-18 19:29:51] code=200 action=post error=null id=recDJfH68EHC10cLc
[2026-06-19 16:00:59] code=200 action=post error=null id=recWtKnYcKSB76uoC
[2026-06-19 18:41:05] code=200 action=post error=null id=recCZDVT9pcwgkEeJ
[2026-06-20 09:37:27] code=200 action=patch error=null id=recHrjSXPlJrfoEBh
[2026-06-20 10:13:29] code=200 action=post error=null id=recg6fCed6ik9E62u
[2026-06-20 10:18:38] code=200 action=patch error=null id=recg6fCed6ik9E62u
[2026-06-20 10:19:30] code=200 action=patch error=null id=recg6fCed6ik9E62u
[2026-06-20 21:52:45] code=200 action=post error=null id=recdGmXFebMeoi5VR
[2026-06-20 21:53:38] code=200 action=post error=null id=recnbqf1kF1Mu5OTG
[2026-06-20 21:53:38] code=200 action=post error=null id=rect2MXM5ACANuo3D
[2026-06-21 11:07:05] code=200 action=post error=null id=rec1JW2Ahq4molGph
[2026-06-21 15:14:10] code=200 action=post error=null id=reckW2SJ9bnk3uFEZ
[2026-06-22 10:37:27] code=200 action=post error=null id=rec7puFJWtLRAk4wu
[2026-06-22 11:13:32] code=200 action=patch error=null id=rec7puFJWtLRAk4wu
[2026-06-23 08:13:41] code=200 action=patch error=null id=rec8TE9TkCMNr1xGC
[2026-06-23 14:09:16] code=200 action=post error=null id=recKg4WaZ9e2eMwwC
[2026-06-23 14:09:17] code=200 action=patch error=null id=recKg4WaZ9e2eMwwC
[2026-06-23 17:04:28] code=200 action=patch error=null id=recHtIaixuEw8bLUP
[2026-06-23 17:06:09] code=200 action=patch error=null id=recHtIaixuEw8bLUP
[2026-06-23 17:07:01] code=200 action=post error=null id=recatTDvWo2CpYYLR
[2026-06-23 17:07:02] code=200 action=patch error=null id=recatTDvWo2CpYYLR
[2026-06-23 17:12:24] code=200 action=patch error=null id=recHtIaixuEw8bLUP
[2026-06-23 17:20:54] code=200 action=patch error=null id=recHtIaixuEw8bLUP
[2026-06-23 17:21:27] code=200 action=patch error=null id=recHtIaixuEw8bLUP
[2026-06-23 17:22:34] code=200 action=patch error=null id=recHtIaixuEw8bLUP
[2026-06-23 17:22:43] code=200 action=patch error=null id=recHtIaixuEw8bLUP
[2026-06-23 17:23:48] code=200 action=patch error=null id=recHtIaixuEw8bLUP
[2026-06-23 17:27:02] code=200 action=patch error=null id=recHtIaixuEw8bLUP
[2026-06-23 17:27:13] code=200 action=patch error=null id=recHtIaixuEw8bLUP
[2026-06-23 17:28:30] code=200 action=patch error=null id=recHtIaixuEw8bLUP
[2026-06-23 17:28:40] code=200 action=patch error=null id=recHtIaixuEw8bLUP
[2026-06-23 17:29:05] code=200 action=patch error=null id=recHtIaixuEw8bLUP
[2026-06-23 17:52:53] code=200 action=patch error=null id=recIM8s1xyRPHAYkS
[2026-06-24 09:50:29] code=200 action=post error=null id=reccVWfZQ5Zvh3tln
[2026-06-24 09:50:37] code=200 action=patch error=null id=reccVWfZQ5Zvh3tln
[2026-06-24 09:50:39] code=200 action=patch error=null id=reccVWfZQ5Zvh3tln
